// Jest Snapshot v1, https://goo.gl/fbAQLP

exports[`Pruebas en <MultipleCustomHooks /> debe de mostrarse correctamente 1`] = `
<div>
  <h1>
    BreakingBad
  </h1>
  <hr />
  <div
    className="alert alert-info"
  >
    Loading...
  </div>
  <div
    className="d-flex justify-content-center"
  >
    <button
      className="btn btn-primary"
      onClick={[Function]}
    >
      Siguiente frase
    </button>
  </div>
</div>
`;
