// Jest Snapshot v1, https://goo.gl/fbAQLP

exports[`Pruebas en <toDoList /> debe mostrarse correctamente 1`] = `
<li
  className="list-group-item"
>
  <p
    className=" undefined "
    onClick={[Function]}
  >
    NaN
    .  
  </p>
  <button
    className="btn btn-danger"
    onClick={[Function]}
  >
    Borrar
  </button>
</li>
`;
