// Jest Snapshot v1, https://goo.gl/fbAQLP

exports[`Pruebas en AppRouter debe mostrar el componente Marvel si esta autenticado 1`] = `
Array [
  <nav
    className="navbar navbar-expand-sm navbar-dark bg-dark"
  >
    <a
      className="navbar-brand"
      href="/"
      onClick={[Function]}
    >
      HeroesApp
    </a>
    <div
      className="navbar-collapse"
    >
      <div
        className="navbar-nav"
      >
        <a
          aria-current="page"
          className="nav-item nav-link active"
          href="/marvel"
          onClick={[Function]}
        >
          Marvel
        </a>
        <a
          className="nav-item nav-link"
          href="/dc"
          onClick={[Function]}
        >
          DC
        </a>
        <a
          className="nav-item nav-link"
          href="/search"
          onClick={[Function]}
        >
          Búscar
        </a>
      </div>
    </div>
    <div
      className="navbar-collapse collapse w-100 order-3 dual-collapse2 d-flex justify-content-end"
    >
      <ul
        className="navbar-nav ml-auto"
      >
        <span
          className="nav-item nav-link text-info"
        >
          Mariana
        </span>
        <button
          className="nav-item nav-link btn"
          onClick={[Function]}
        >
          Logout
        </button>
      </ul>
    </div>
  </nav>,
  <div
    className="container"
  >
    <div>
      <h1>
        Marvel
      </h1>
      <hr />
      <div
        className="row rows-cols-1 rows-cols-3 g-3 animate__animated animate__fadeInLeft"
      >
        <div
          className="mt-4 animate__animated animate__fadeIn"
        >
          <div
            className="card"
          >
            <div
              className="row"
            >
              <div
                className="col-md-4 my-auto d-flex justify-content-center"
              >
                <img
                  alt="{superhero}"
                  className="card-img"
                  src="assets/heroes/marvel-spider.jpg"
                  style={
                    Object {
                      "width": "50%",
                    }
                  }
                />
              </div>
              <div
                className="col-md-8"
              >
                <div
                  className="card-body"
                >
                  <h3
                    className="card-title"
                  >
                    Spider Man
                  </h3>
                  <p
                    className="card-text"
                  >
                    Peter Parker
                  </p>
                  <a
                    href="/heroe/marvel-spider"
                    onClick={[Function]}
                  >
                    Más...
                  </a>
                </div>
              </div>
            </div>
          </div>
        </div>
        <div
          className="mt-4 animate__animated animate__fadeIn"
        >
          <div
            className="card"
          >
            <div
              className="row"
            >
              <div
                className="col-md-4 my-auto d-flex justify-content-center"
              >
                <img
                  alt="{superhero}"
                  className="card-img"
                  src="assets/heroes/marvel-captain.jpg"
                  style={
                    Object {
                      "width": "50%",
                    }
                  }
                />
              </div>
              <div
                className="col-md-8"
              >
                <div
                  className="card-body"
                >
                  <h3
                    className="card-title"
                  >
                    Captain America
                  </h3>
                  <p
                    className="card-text"
                  >
                    Steve Rogers
                  </p>
                  <a
                    href="/heroe/marvel-captain"
                    onClick={[Function]}
                  >
                    Más...
                  </a>
                </div>
              </div>
            </div>
          </div>
        </div>
        <div
          className="mt-4 animate__animated animate__fadeIn"
        >
          <div
            className="card"
          >
            <div
              className="row"
            >
              <div
                className="col-md-4 my-auto d-flex justify-content-center"
              >
                <img
                  alt="{superhero}"
                  className="card-img"
                  src="assets/heroes/marvel-iron.jpg"
                  style={
                    Object {
                      "width": "50%",
                    }
                  }
                />
              </div>
              <div
                className="col-md-8"
              >
                <div
                  className="card-body"
                >
                  <h3
                    className="card-title"
                  >
                    Iron Man
                  </h3>
                  <p
                    className="card-text"
                  >
                    Tony Stark
                  </p>
                  <a
                    href="/heroe/marvel-iron"
                    onClick={[Function]}
                  >
                    Más...
                  </a>
                </div>
              </div>
            </div>
          </div>
        </div>
        <div
          className="mt-4 animate__animated animate__fadeIn"
        >
          <div
            className="card"
          >
            <div
              className="row"
            >
              <div
                className="col-md-4 my-auto d-flex justify-content-center"
              >
                <img
                  alt="{superhero}"
                  className="card-img"
                  src="assets/heroes/marvel-thor.jpg"
                  style={
                    Object {
                      "width": "50%",
                    }
                  }
                />
              </div>
              <div
                className="col-md-8"
              >
                <div
                  className="card-body"
                >
                  <h3
                    className="card-title"
                  >
                    Thor
                  </h3>
                  <p
                    className="card-text"
                  >
                    Thor Odinson
                  </p>
                  <a
                    href="/heroe/marvel-thor"
                    onClick={[Function]}
                  >
                    Más...
                  </a>
                </div>
              </div>
            </div>
          </div>
        </div>
        <div
          className="mt-4 animate__animated animate__fadeIn"
        >
          <div
            className="card"
          >
            <div
              className="row"
            >
              <div
                className="col-md-4 my-auto d-flex justify-content-center"
              >
                <img
                  alt="{superhero}"
                  className="card-img"
                  src="assets/heroes/marvel-hulk.jpg"
                  style={
                    Object {
                      "width": "50%",
                    }
                  }
                />
              </div>
              <div
                className="col-md-8"
              >
                <div
                  className="card-body"
                >
                  <h3
                    className="card-title"
                  >
                    Hulk
                  </h3>
                  <p
                    className="card-text"
                  >
                    Bruce Banner
                  </p>
                  <a
                    href="/heroe/marvel-hulk"
                    onClick={[Function]}
                  >
                    Más...
                  </a>
                </div>
              </div>
            </div>
          </div>
        </div>
        <div
          className="mt-4 animate__animated animate__fadeIn"
        >
          <div
            className="card"
          >
            <div
              className="row"
            >
              <div
                className="col-md-4 my-auto d-flex justify-content-center"
              >
                <img
                  alt="{superhero}"
                  className="card-img"
                  src="assets/heroes/marvel-wolverine.jpg"
                  style={
                    Object {
                      "width": "50%",
                    }
                  }
                />
              </div>
              <div
                className="col-md-8"
              >
                <div
                  className="card-body"
                >
                  <h3
                    className="card-title"
                  >
                    Wolverine
                  </h3>
                  <p
                    className="card-text"
                  >
                    James Howlett
                  </p>
                  <a
                    href="/heroe/marvel-wolverine"
                    onClick={[Function]}
                  >
                    Más...
                  </a>
                </div>
              </div>
            </div>
          </div>
        </div>
        <div
          className="mt-4 animate__animated animate__fadeIn"
        >
          <div
            className="card"
          >
            <div
              className="row"
            >
              <div
                className="col-md-4 my-auto d-flex justify-content-center"
              >
                <img
                  alt="{superhero}"
                  className="card-img"
                  src="assets/heroes/marvel-daredevil.jpg"
                  style={
                    Object {
                      "width": "50%",
                    }
                  }
                />
              </div>
              <div
                className="col-md-8"
              >
                <div
                  className="card-body"
                >
                  <h3
                    className="card-title"
                  >
                    Daredevil
                  </h3>
                  <p
                    className="card-text"
                  >
                    Matthew Michael Murdock
                  </p>
                  <a
                    href="/heroe/marvel-daredevil"
                    onClick={[Function]}
                  >
                    Más...
                  </a>
                </div>
              </div>
            </div>
          </div>
        </div>
        <div
          className="mt-4 animate__animated animate__fadeIn"
        >
          <div
            className="card"
          >
            <div
              className="row"
            >
              <div
                className="col-md-4 my-auto d-flex justify-content-center"
              >
                <img
                  alt="{superhero}"
                  className="card-img"
                  src="assets/heroes/marvel-hawkeye.jpg"
                  style={
                    Object {
                      "width": "50%",
                    }
                  }
                />
              </div>
              <div
                className="col-md-8"
              >
                <div
                  className="card-body"
                >
                  <h3
                    className="card-title"
                  >
                    Hawkeye
                  </h3>
                  <p
                    className="card-text"
                  >
                    Clinton Francis Barton
                  </p>
                  <a
                    href="/heroe/marvel-hawkeye"
                    onClick={[Function]}
                  >
                    Más...
                  </a>
                </div>
              </div>
            </div>
          </div>
        </div>
        <div
          className="mt-4 animate__animated animate__fadeIn"
        >
          <div
            className="card"
          >
            <div
              className="row"
            >
              <div
                className="col-md-4 my-auto d-flex justify-content-center"
              >
                <img
                  alt="{superhero}"
                  className="card-img"
                  src="assets/heroes/marvel-cyclops.jpg"
                  style={
                    Object {
                      "width": "50%",
                    }
                  }
                />
              </div>
              <div
                className="col-md-8"
              >
                <div
                  className="card-body"
                >
                  <h3
                    className="card-title"
                  >
                    Cyclops
                  </h3>
                  <p
                    className="card-text"
                  >
                    Scott Summers
                  </p>
                  <a
                    href="/heroe/marvel-cyclops"
                    onClick={[Function]}
                  >
                    Más...
                  </a>
                </div>
              </div>
            </div>
          </div>
        </div>
        <div
          className="mt-4 animate__animated animate__fadeIn"
        >
          <div
            className="card"
          >
            <div
              className="row"
            >
              <div
                className="col-md-4 my-auto d-flex justify-content-center"
              >
                <img
                  alt="{superhero}"
                  className="card-img"
                  src="assets/heroes/marvel-silver.jpg"
                  style={
                    Object {
                      "width": "50%",
                    }
                  }
                />
              </div>
              <div
                className="col-md-8"
              >
                <div
                  className="card-body"
                >
                  <h3
                    className="card-title"
                  >
                    Silver Surfer
                  </h3>
                  <p
                    className="card-text"
                  >
                    Norrin Radd
                  </p>
                  <a
                    href="/heroe/marvel-silver"
                    onClick={[Function]}
                  >
                    Más...
                  </a>
                </div>
              </div>
            </div>
          </div>
        </div>
      </div>
    </div>
  </div>,
]
`;

exports[`Pruebas en AppRouter debe mostrar el login si no esta autenticado 1`] = `
<div
  className="container mt-5"
>
  <h1>
    Login
  </h1>
  <hr />
  <button
    className="btn btn-primary"
    onClick={[Function]}
  >
    Login
  </button>
</div>
`;
